---
source: patches-graph-json/tests/golden.rs
expression: "& doc"
---
{
  "version": 1,
  "modules": [
    {
      "id": "join",
      "qname": {
        "path": [],
        "name": "join"
      },
      "type_name": "StereoJoiner",
      "shape": [],
      "params": [],
      "port_aliases": [],
      "ports": {
        "inputs": [
          {
            "name": "in_left",
            "index": 0,
            "kind": "mono",
            "mono_layout": "audio",
            "poly_layout": "audio"
          },
          {
            "name": "in_right",
            "index": 0,
            "kind": "mono",
            "mono_layout": "audio",
            "poly_layout": "audio"
          }
        ],
        "outputs": [
          {
            "name": "out",
            "index": 0,
            "kind": "stereo",
            "mono_layout": "audio",
            "poly_layout": "audio"
          }
        ]
      },
      "provenance": {
        "site": "[span]",
        "expansion": []
      }
    },
    {
      "id": "out",
      "qname": {
        "path": [],
        "name": "out"
      },
      "type_name": "AudioOut",
      "shape": [],
      "params": [],
      "port_aliases": [],
      "ports": {
        "inputs": [
          {
            "name": "in",
            "index": 0,
            "kind": "stereo",
            "mono_layout": "audio",
            "poly_layout": "audio"
          }
        ],
        "outputs": []
      },
      "provenance": {
        "site": "[span]",
        "expansion": []
      }
    },
    {
      "id": "seq",
      "qname": {
        "path": [],
        "name": "seq"
      },
      "type_name": "MidiToCv",
      "shape": [],
      "params": [],
      "port_aliases": [],
      "ports": {
        "inputs": [
          {
            "name": "midi",
            "index": 0,
            "kind": "poly",
            "mono_layout": "audio",
            "poly_layout": "midi"
          }
        ],
        "outputs": [
          {
            "name": "voct",
            "index": 0,
            "kind": "mono",
            "mono_layout": "audio",
            "poly_layout": "audio"
          },
          {
            "name": "trigger",
            "index": 0,
            "kind": "mono",
            "mono_layout": "trigger",
            "poly_layout": "audio"
          },
          {
            "name": "gate",
            "index": 0,
            "kind": "mono",
            "mono_layout": "audio",
            "poly_layout": "audio"
          },
          {
            "name": "mod",
            "index": 0,
            "kind": "mono",
            "mono_layout": "audio",
            "poly_layout": "audio"
          },
          {
            "name": "pitch",
            "index": 0,
            "kind": "mono",
            "mono_layout": "audio",
            "poly_layout": "audio"
          },
          {
            "name": "velocity",
            "index": 0,
            "kind": "mono",
            "mono_layout": "audio",
            "poly_layout": "audio"
          },
          {
            "name": "slur",
            "index": 0,
            "kind": "mono",
            "mono_layout": "audio",
            "poly_layout": "audio"
          }
        ]
      },
      "provenance": {
        "site": "[span]",
        "expansion": []
      }
    },
    {
      "id": "v1/env",
      "qname": {
        "path": [
          "v1"
        ],
        "name": "env"
      },
      "type_name": "Adsr",
      "shape": [],
      "params": [
        {
          "name": "attack",
          "value": {
            "kind": "scalar",
            "scalar": {
              "type": "float",
              "value": 0.005
            }
          }
        },
        {
          "name": "decay",
          "value": {
            "kind": "scalar",
            "scalar": {
              "type": "float",
              "value": 0.1
            }
          }
        },
        {
          "name": "sustain",
          "value": {
            "kind": "scalar",
            "scalar": {
              "type": "float",
              "value": 0.6
            }
          }
        },
        {
          "name": "release",
          "value": {
            "kind": "scalar",
            "scalar": {
              "type": "float",
              "value": 0.3
            }
          }
        }
      ],
      "port_aliases": [],
      "ports": {
        "inputs": [
          {
            "name": "trigger",
            "index": 0,
            "kind": "mono",
            "mono_layout": "trigger",
            "poly_layout": "audio"
          },
          {
            "name": "gate",
            "index": 0,
            "kind": "mono",
            "mono_layout": "audio",
            "poly_layout": "audio"
          },
          {
            "name": "vca_in",
            "index": 0,
            "kind": "mono",
            "mono_layout": "audio",
            "poly_layout": "audio"
          }
        ],
        "outputs": [
          {
            "name": "out",
            "index": 0,
            "kind": "mono",
            "mono_layout": "audio",
            "poly_layout": "audio"
          },
          {
            "name": "vca_out",
            "index": 0,
            "kind": "mono",
            "mono_layout": "audio",
            "poly_layout": "audio"
          }
        ]
      },
      "provenance": {
        "site": "[span]",
        "expansion": [
          "[span]"
        ]
      }
    },
    {
      "id": "v1/osc",
      "qname": {
        "path": [
          "v1"
        ],
        "name": "osc"
      },
      "type_name": "Osc",
      "shape": [],
      "params": [],
      "port_aliases": [],
      "ports": {
        "inputs": [
          {
            "name": "voct",
            "index": 0,
            "kind": "mono",
            "mono_layout": "audio",
            "poly_layout": "audio"
          },
          {
            "name": "fm",
            "index": 0,
            "kind": "mono",
            "mono_layout": "audio",
            "poly_layout": "audio"
          },
          {
            "name": "pulse_width_cv",
            "index": 0,
            "kind": "mono",
            "mono_layout": "audio",
            "poly_layout": "audio"
          },
          {
            "name": "phase_mod",
            "index": 0,
            "kind": "mono",
            "mono_layout": "audio",
            "poly_layout": "audio"
          },
          {
            "name": "sync",
            "index": 0,
            "kind": "mono",
            "mono_layout": "trigger",
            "poly_layout": "audio"
          }
        ],
        "outputs": [
          {
            "name": "sine",
            "index": 0,
            "kind": "mono",
            "mono_layout": "audio",
            "poly_layout": "audio"
          },
          {
            "name": "triangle",
            "index": 0,
            "kind": "mono",
            "mono_layout": "audio",
            "poly_layout": "audio"
          },
          {
            "name": "sawtooth",
            "index": 0,
            "kind": "mono",
            "mono_layout": "audio",
            "poly_layout": "audio"
          },
          {
            "name": "square",
            "index": 0,
            "kind": "mono",
            "mono_layout": "audio",
            "poly_layout": "audio"
          },
          {
            "name": "reset_out",
            "index": 0,
            "kind": "mono",
            "mono_layout": "trigger",
            "poly_layout": "audio"
          }
        ]
      },
      "provenance": {
        "site": "[span]",
        "expansion": [
          "[span]"
        ]
      }
    },
    {
      "id": "v1/vca",
      "qname": {
        "path": [
          "v1"
        ],
        "name": "vca"
      },
      "type_name": "Vca",
      "shape": [],
      "params": [],
      "port_aliases": [],
      "ports": {
        "inputs": [
          {
            "name": "in",
            "index": 0,
            "kind": "mono",
            "mono_layout": "audio",
            "poly_layout": "audio"
          },
          {
            "name": "cv",
            "index": 0,
            "kind": "mono",
            "mono_layout": "audio",
            "poly_layout": "audio"
          }
        ],
        "outputs": [
          {
            "name": "out",
            "index": 0,
            "kind": "mono",
            "mono_layout": "audio",
            "poly_layout": "audio"
          }
        ]
      },
      "provenance": {
        "site": "[span]",
        "expansion": [
          "[span]"
        ]
      }
    },
    {
      "id": "v2/env",
      "qname": {
        "path": [
          "v2"
        ],
        "name": "env"
      },
      "type_name": "Adsr",
      "shape": [],
      "params": [
        {
          "name": "attack",
          "value": {
            "kind": "scalar",
            "scalar": {
              "type": "float",
              "value": 0.01
            }
          }
        },
        {
          "name": "decay",
          "value": {
            "kind": "scalar",
            "scalar": {
              "type": "float",
              "value": 0.1
            }
          }
        },
        {
          "name": "sustain",
          "value": {
            "kind": "scalar",
            "scalar": {
              "type": "float",
              "value": 0.7
            }
          }
        },
        {
          "name": "release",
          "value": {
            "kind": "scalar",
            "scalar": {
              "type": "float",
              "value": 0.3
            }
          }
        }
      ],
      "port_aliases": [],
      "ports": {
        "inputs": [
          {
            "name": "trigger",
            "index": 0,
            "kind": "mono",
            "mono_layout": "trigger",
            "poly_layout": "audio"
          },
          {
            "name": "gate",
            "index": 0,
            "kind": "mono",
            "mono_layout": "audio",
            "poly_layout": "audio"
          },
          {
            "name": "vca_in",
            "index": 0,
            "kind": "mono",
            "mono_layout": "audio",
            "poly_layout": "audio"
          }
        ],
        "outputs": [
          {
            "name": "out",
            "index": 0,
            "kind": "mono",
            "mono_layout": "audio",
            "poly_layout": "audio"
          },
          {
            "name": "vca_out",
            "index": 0,
            "kind": "mono",
            "mono_layout": "audio",
            "poly_layout": "audio"
          }
        ]
      },
      "provenance": {
        "site": "[span]",
        "expansion": [
          "[span]"
        ]
      }
    },
    {
      "id": "v2/osc",
      "qname": {
        "path": [
          "v2"
        ],
        "name": "osc"
      },
      "type_name": "Osc",
      "shape": [],
      "params": [],
      "port_aliases": [],
      "ports": {
        "inputs": [
          {
            "name": "voct",
            "index": 0,
            "kind": "mono",
            "mono_layout": "audio",
            "poly_layout": "audio"
          },
          {
            "name": "fm",
            "index": 0,
            "kind": "mono",
            "mono_layout": "audio",
            "poly_layout": "audio"
          },
          {
            "name": "pulse_width_cv",
            "index": 0,
            "kind": "mono",
            "mono_layout": "audio",
            "poly_layout": "audio"
          },
          {
            "name": "phase_mod",
            "index": 0,
            "kind": "mono",
            "mono_layout": "audio",
            "poly_layout": "audio"
          },
          {
            "name": "sync",
            "index": 0,
            "kind": "mono",
            "mono_layout": "trigger",
            "poly_layout": "audio"
          }
        ],
        "outputs": [
          {
            "name": "sine",
            "index": 0,
            "kind": "mono",
            "mono_layout": "audio",
            "poly_layout": "audio"
          },
          {
            "name": "triangle",
            "index": 0,
            "kind": "mono",
            "mono_layout": "audio",
            "poly_layout": "audio"
          },
          {
            "name": "sawtooth",
            "index": 0,
            "kind": "mono",
            "mono_layout": "audio",
            "poly_layout": "audio"
          },
          {
            "name": "square",
            "index": 0,
            "kind": "mono",
            "mono_layout": "audio",
            "poly_layout": "audio"
          },
          {
            "name": "reset_out",
            "index": 0,
            "kind": "mono",
            "mono_layout": "trigger",
            "poly_layout": "audio"
          }
        ]
      },
      "provenance": {
        "site": "[span]",
        "expansion": [
          "[span]"
        ]
      }
    },
    {
      "id": "v2/vca",
      "qname": {
        "path": [
          "v2"
        ],
        "name": "vca"
      },
      "type_name": "Vca",
      "shape": [],
      "params": [],
      "port_aliases": [],
      "ports": {
        "inputs": [
          {
            "name": "in",
            "index": 0,
            "kind": "mono",
            "mono_layout": "audio",
            "poly_layout": "audio"
          },
          {
            "name": "cv",
            "index": 0,
            "kind": "mono",
            "mono_layout": "audio",
            "poly_layout": "audio"
          }
        ],
        "outputs": [
          {
            "name": "out",
            "index": 0,
            "kind": "mono",
            "mono_layout": "audio",
            "poly_layout": "audio"
          }
        ]
      },
      "provenance": {
        "site": "[span]",
        "expansion": [
          "[span]"
        ]
      }
    }
  ],
  "connections": [
    {
      "from": {
        "module": "join",
        "port": "out",
        "index": 0
      },
      "to": {
        "module": "out",
        "port": "in",
        "index": 0
      },
      "map": {
        "scale": 1.0,
        "offset": 0.0
      },
      "provenance": {
        "site": "[span]",
        "expansion": []
      },
      "from_provenance": {
        "site": "[span]",
        "expansion": []
      },
      "to_provenance": {
        "site": "[span]",
        "expansion": []
      }
    },
    {
      "from": {
        "module": "seq",
        "port": "gate",
        "index": 0
      },
      "to": {
        "module": "v1/env",
        "port": "gate",
        "index": 0
      },
      "map": {
        "scale": 1.0,
        "offset": 0.0
      },
      "provenance": {
        "site": "[span]",
        "expansion": []
      },
      "from_provenance": {
        "site": "[span]",
        "expansion": []
      },
      "to_provenance": {
        "site": "[span]",
        "expansion": []
      }
    },
    {
      "from": {
        "module": "seq",
        "port": "gate",
        "index": 0
      },
      "to": {
        "module": "v2/env",
        "port": "gate",
        "index": 0
      },
      "map": {
        "scale": 1.0,
        "offset": 0.0
      },
      "provenance": {
        "site": "[span]",
        "expansion": []
      },
      "from_provenance": {
        "site": "[span]",
        "expansion": []
      },
      "to_provenance": {
        "site": "[span]",
        "expansion": []
      }
    },
    {
      "from": {
        "module": "seq",
        "port": "pitch",
        "index": 0
      },
      "to": {
        "module": "v1/osc",
        "port": "voct",
        "index": 0
      },
      "map": {
        "scale": 1.0,
        "offset": 0.0
      },
      "provenance": {
        "site": "[span]",
        "expansion": []
      },
      "from_provenance": {
        "site": "[span]",
        "expansion": []
      },
      "to_provenance": {
        "site": "[span]",
        "expansion": []
      }
    },
    {
      "from": {
        "module": "seq",
        "port": "pitch",
        "index": 0
      },
      "to": {
        "module": "v2/osc",
        "port": "voct",
        "index": 0
      },
      "map": {
        "scale": 0.5,
        "offset": 0.0
      },
      "provenance": {
        "site": "[span]",
        "expansion": []
      },
      "from_provenance": {
        "site": "[span]",
        "expansion": []
      },
      "to_provenance": {
        "site": "[span]",
        "expansion": []
      }
    },
    {
      "from": {
        "module": "v1/env",
        "port": "out",
        "index": 0
      },
      "to": {
        "module": "v1/vca",
        "port": "cv",
        "index": 0
      },
      "map": {
        "scale": 1.0,
        "offset": 0.0
      },
      "provenance": {
        "site": "[span]",
        "expansion": [
          "[span]"
        ]
      },
      "from_provenance": {
        "site": "[span]",
        "expansion": [
          "[span]"
        ]
      },
      "to_provenance": {
        "site": "[span]",
        "expansion": [
          "[span]"
        ]
      }
    },
    {
      "from": {
        "module": "v1/osc",
        "port": "sine",
        "index": 0
      },
      "to": {
        "module": "v1/vca",
        "port": "in",
        "index": 0
      },
      "map": {
        "scale": 1.0,
        "offset": 0.0
      },
      "provenance": {
        "site": "[span]",
        "expansion": [
          "[span]"
        ]
      },
      "from_provenance": {
        "site": "[span]",
        "expansion": [
          "[span]"
        ]
      },
      "to_provenance": {
        "site": "[span]",
        "expansion": [
          "[span]"
        ]
      }
    },
    {
      "from": {
        "module": "v1/vca",
        "port": "out",
        "index": 0
      },
      "to": {
        "module": "join",
        "port": "in_left",
        "index": 0
      },
      "map": {
        "scale": 1.0,
        "offset": 0.0
      },
      "provenance": {
        "site": "[span]",
        "expansion": []
      },
      "from_provenance": {
        "site": "[span]",
        "expansion": []
      },
      "to_provenance": {
        "site": "[span]",
        "expansion": []
      }
    },
    {
      "from": {
        "module": "v2/env",
        "port": "out",
        "index": 0
      },
      "to": {
        "module": "v2/vca",
        "port": "cv",
        "index": 0
      },
      "map": {
        "scale": 1.0,
        "offset": 0.0
      },
      "provenance": {
        "site": "[span]",
        "expansion": [
          "[span]"
        ]
      },
      "from_provenance": {
        "site": "[span]",
        "expansion": [
          "[span]"
        ]
      },
      "to_provenance": {
        "site": "[span]",
        "expansion": [
          "[span]"
        ]
      }
    },
    {
      "from": {
        "module": "v2/osc",
        "port": "sine",
        "index": 0
      },
      "to": {
        "module": "v2/vca",
        "port": "in",
        "index": 0
      },
      "map": {
        "scale": 1.0,
        "offset": 0.0
      },
      "provenance": {
        "site": "[span]",
        "expansion": [
          "[span]"
        ]
      },
      "from_provenance": {
        "site": "[span]",
        "expansion": [
          "[span]"
        ]
      },
      "to_provenance": {
        "site": "[span]",
        "expansion": [
          "[span]"
        ]
      }
    },
    {
      "from": {
        "module": "v2/vca",
        "port": "out",
        "index": 0
      },
      "to": {
        "module": "join",
        "port": "in_right",
        "index": 0
      },
      "map": {
        "scale": 0.8,
        "offset": 0.0
      },
      "provenance": {
        "site": "[span]",
        "expansion": []
      },
      "from_provenance": {
        "site": "[span]",
        "expansion": []
      },
      "to_provenance": {
        "site": "[span]",
        "expansion": []
      }
    }
  ]
}
