---
source: patches-graph-json/tests/golden.rs
expression: "& doc"
---
{
  "version": 1,
  "modules": [
    {
      "id": "out",
      "qname": {
        "path": [],
        "name": "out"
      },
      "type_name": "AudioOut",
      "shape": [],
      "params": [],
      "port_aliases": [],
      "ports": {
        "inputs": [
          {
            "name": "in",
            "index": 0,
            "kind": "stereo",
            "mono_layout": "audio",
            "poly_layout": "audio"
          }
        ],
        "outputs": []
      },
      "provenance": {
        "site": "[span]",
        "expansion": []
      }
    },
    {
      "id": "t/m",
      "qname": {
        "path": [
          "t"
        ],
        "name": "m"
      },
      "type_name": "Sum",
      "shape": [
        {
          "name": "channels",
          "value": {
            "type": "int",
            "value": 1
          }
        }
      ],
      "params": [],
      "port_aliases": [],
      "ports": {
        "inputs": [
          {
            "name": "in",
            "index": 0,
            "kind": "mono",
            "mono_layout": "audio",
            "poly_layout": "audio"
          }
        ],
        "outputs": [
          {
            "name": "out",
            "index": 0,
            "kind": "mono",
            "mono_layout": "audio",
            "poly_layout": "audio"
          }
        ]
      },
      "provenance": {
        "site": "[span]",
        "expansion": [
          "[span]"
        ]
      }
    }
  ],
  "connections": [
    {
      "from": {
        "module": "t/m",
        "port": "out",
        "index": 0
      },
      "to": {
        "module": "out",
        "port": "in",
        "index": 0
      },
      "map": {
        "scale": 1.0,
        "offset": 0.0
      },
      "provenance": {
        "site": "[span]",
        "expansion": []
      },
      "from_provenance": {
        "site": "[span]",
        "expansion": []
      },
      "to_provenance": {
        "site": "[span]",
        "expansion": []
      }
    }
  ]
}
